// Vitest Snapshot v1, https://vitest.dev/guide/snapshot.html

exports[`DocumentsTable > renders 1`] = `
"<!--v-if-->
<div data-v-49865a55="" class="text-center p-6 lg:p-8 my-20">
  <div data-v-984bb90b="" data-v-49865a55="" class="loader-container">
    <div data-v-984bb90b="" data-testid="spinner" class="loader border-t-8 border-blue-500 border-solid rounded-full h-16 w-16 animate-spin"></div>
  </div>
</div>
<div data-v-49865a55="" class="p-5">
  <!--v-if-->
</div>
<!--v-if-->"
`;
